00:00.063  color_management | Using OCIO=C:\Users\User\Tools\Blender\5.2\datafiles\colormanagement\config.ocio
00:09.641  render           | Saved: 'C:\Users\User\Desktop\game\Blender\preview\enemy_elite_ice_wolf.png'
00:09.813  render           | Saved: 'C:\Users\User\Desktop\game\Blender\preview\enemy_elite_ice_wolf_side.png'
00:09.953  render           | Saved: 'C:\Users\User\Desktop\game\Blender\preview\enemy_elite_ice_wolf_attack.png'
00:10.109  render           | Saved: 'C:\Users\User\Desktop\game\Blender\preview\enemy_elite_ice_wolf_cast.png'
00:10.297  render           | Saved: 'C:\Users\User\Desktop\game\Blender\preview\enemy_elite_ice_wolf_die.png'
00:10.469  render           | Saved: 'C:\Users\User\Desktop\game\Blender\preview\enemy_elite_ice_wolf_run.png'
00:10.609  render           | Saved: 'C:\Users\User\Desktop\game\Blender\preview\enemy_elite_ice_wolf_victory.png'
00:10.766  render           | Saved: 'C:\Users\User\Desktop\game\Blender\preview\enemy_elite_ice_wolf_back.png'
00:10.781  blend            | Read blend: "C:\Users\User\Desktop\game\Blender\blend\enemy_elite_ice_wolf.blend"
[enemies_a] action Idle: frames (0.0, 48.0)
[enemies_a] action Run: frames (0.0, 20.0)
[enemies_a] action Attack: frames (0.0, 26.0)
[enemies_a] action Cast: frames (0.0, 36.0)
[enemies_a] action Hit: frames (0.0, 12.0)
[enemies_a] action Die: frames (0.0, 32.0)
[enemies_a] action Victory: frames (0.0, 44.0)
[enemies_a] elite_ice_wolf: tris=12812 mats=['M_Toon', 'M_Emit', 'M_Clear'] bones=22

FBX export starting... 'C:\\Users\\User\\Desktop\\game\\Assets\\_Game\\Resources\\Art\\Enemies/elite_ice_wolf/elite_ice_wolf.fbx'
(bpy.data.armatures['Rig'], 'POSE')
export finished in 0.7489 sec.
[enemies_a] exported C:\Users\User\Desktop\game\Assets\_Game\Resources\Art\Enemies/elite_ice_wolf/elite_ice_wolf.fbx
Info: Saved as "enemy_elite_ice_wolf.blend"
FBX version: 7400
ENEMY_PRODUCTION {"id": "elite_ice_wolf", "is_boss": false, "generator": "C:\\Users\\User\\Desktop\\game\\Blender\\enemies_a\\ice_wolf.py", "blender_version": "5.2.1 LTS", "produced_at_utc": "2026-10-06T04:19:41Z", "files": {"fbx": {"path": "C:\\Users\\User\\Desktop\\game\\Assets\\_Game\\Resources\\Art\\Enemies\\elite_ice_wolf\\elite_ice_wolf.fbx", "bytes": 1531164}, "blend": {"path": "C:\\Users\\User\\Desktop\\game\\Blender\\blend\\enemy_elite_ice_wolf.blend", "bytes": 347795}, "previews": [{"path": "C:\\Users\\User\\Desktop\\game\\Blender\\preview\\enemy_elite_ice_wolf.png", "bytes": 321638}, {"path": "C:\\Users\\User\\Desktop\\game\\Blender\\preview\\enemy_elite_ice_wolf_side.png", "bytes": 325443}, {"path": "C:\\Users\\User\\Desktop\\game\\Blender\\preview\\enemy_elite_ice_wolf_attack.png", "bytes": 291482}, {"path": "C:\\Users\\User\\Desktop\\game\\Blender\\preview\\enemy_elite_ice_wolf_cast.png", "bytes": 313097}, {"path": "C:\\Users\\User\\Desktop\\game\\Blender\\preview\\enemy_elite_ice_wolf_die.png", "bytes": 302096}]}, "saved_blend": {"objects": ["Body", "Rig"], "triangles": 12812, "vertices": 7016, "bones": 22, "materials": ["M_Toon", "M_Emit", "M_Clear"], "clips": {"Idle": [0.0, 48.0], "Run": [0.0, 20.0], "Attack": [0.0, 26.0], "Cast": [0.0, 36.0], "Hit": [0.0, 12.0], "Die": [0.0, 32.0], "Victory": [0.0, 44.0]}, "unweighted_vertices": 0}, "reimported_fbx": {"objects": ["Body", "Rig"], "triangles": 12812, "vertices": 7016, "bones": 22, "materials": ["M_Toon", "M_Emit", "M_Clear"], "clips": {"Idle": [1.0, 49.0], "Run": [1.0, 21.0], "Attack": [1.0, 27.0], "Cast": [1.0, 37.0], "Hit": [1.0, 13.0], "Die": [1.0, 33.0], "Victory": [1.0, 45.0]}, "unweighted_vertices": 0}}
Blender 5.2.1 LTS (hash 9e2066aef7ef built 2026-08-25 02:38:20)

Blender quit
