00:00.062  color_management | Using OCIO=C:\Users\User\Tools\Blender\5.2\datafiles\colormanagement\config.ocio
00:04.656  render           | Saved: 'C:\Users\User\Desktop\game\Blender\preview\enemy_sprout.png'
00:04.828  render           | Saved: 'C:\Users\User\Desktop\game\Blender\preview\enemy_sprout_side.png'
00:04.953  render           | Saved: 'C:\Users\User\Desktop\game\Blender\preview\enemy_sprout_attack.png'
00:05.109  render           | Saved: 'C:\Users\User\Desktop\game\Blender\preview\enemy_sprout_cast.png'
00:05.234  render           | Saved: 'C:\Users\User\Desktop\game\Blender\preview\enemy_sprout_die.png'
00:05.234  blend            | Read blend: "C:\Users\User\Desktop\game\Blender\blend\enemy_sprout.blend"
[enemies_a] action Idle: frames (0.0, 48.0)
[enemies_a] action Run: frames (0.0, 20.0)
[enemies_a] action Attack: frames (0.0, 26.0)
[enemies_a] action Cast: frames (0.0, 36.0)
[enemies_a] action Hit: frames (0.0, 12.0)
[enemies_a] action Die: frames (0.0, 32.0)
[enemies_a] action Victory: frames (0.0, 44.0)
[enemies_a] sprout: tris=9178 mats=['M_Toon', 'M_Emit'] bones=10

FBX export starting... 'C:\\Users\\User\\Desktop\\game\\Assets\\_Game\\Resources\\Art\\Enemies/sprout/sprout.fbx'
(bpy.data.armatures['Rig'], 'POSE')
export finished in 0.4078 sec.
[enemies_a] exported C:\Users\User\Desktop\game\Assets\_Game\Resources\Art\Enemies/sprout/sprout.fbx
Info: Saved as "enemy_sprout.blend"
FBX version: 7400
ENEMY_PRODUCTION {"id": "sprout", "is_boss": false, "generator": "C:\\Users\\User\\Desktop\\game\\Blender\\enemies_a\\sprout.py", "blender_version": "5.2.1 LTS", "produced_at_utc": "2026-10-06T04:22:12Z", "files": {"fbx": {"path": "C:\\Users\\User\\Desktop\\game\\Assets\\_Game\\Resources\\Art\\Enemies\\sprout\\sprout.fbx", "bytes": 807436}, "blend": {"path": "C:\\Users\\User\\Desktop\\game\\Blender\\blend\\enemy_sprout.blend", "bytes": 271709}, "previews": [{"path": "C:\\Users\\User\\Desktop\\game\\Blender\\preview\\enemy_sprout.png", "bytes": 323321}, {"path": "C:\\Users\\User\\Desktop\\game\\Blender\\preview\\enemy_sprout_side.png", "bytes": 294517}, {"path": "C:\\Users\\User\\Desktop\\game\\Blender\\preview\\enemy_sprout_attack.png", "bytes": 290859}, {"path": "C:\\Users\\User\\Desktop\\game\\Blender\\preview\\enemy_sprout_cast.png", "bytes": 306913}, {"path": "C:\\Users\\User\\Desktop\\game\\Blender\\preview\\enemy_sprout_die.png", "bytes": 279774}]}, "saved_blend": {"objects": ["Body", "Rig"], "triangles": 9178, "vertices": 5355, "bones": 10, "materials": ["M_Toon", "M_Emit"], "clips": {"Idle": [0.0, 48.0], "Run": [0.0, 20.0], "Attack": [0.0, 26.0], "Cast": [0.0, 36.0], "Hit": [0.0, 12.0], "Die": [0.0, 32.0], "Victory": [0.0, 44.0]}, "unweighted_vertices": 0}, "reimported_fbx": {"objects": ["Body", "Rig"], "triangles": 9178, "vertices": 5355, "bones": 10, "materials": ["M_Toon", "M_Emit"], "clips": {"Idle": [1.0, 49.0], "Run": [1.0, 21.0], "Attack": [1.0, 27.0], "Cast": [1.0, 37.0], "Hit": [1.0, 13.0], "Die": [1.0, 33.0], "Victory": [1.0, 45.0]}, "unweighted_vertices": 0}}
Blender 5.2.1 LTS (hash 9e2066aef7ef built 2026-08-25 02:38:20)

Blender quit
