00:00.078  color_management | Using OCIO=C:\Users\User\Tools\Blender\5.2\datafiles\colormanagement\config.ocio
00:15.672  render           | Saved: 'C:\Users\User\Desktop\game\Blender\preview\boss_forest_guardian_front.png'
00:15.890  render           | Saved: 'C:\Users\User\Desktop\game\Blender\preview\boss_forest_guardian_side.png'
00:16.172  render           | Saved: 'C:\Users\User\Desktop\game\Blender\preview\boss_forest_guardian_back.png'
00:16.359  render           | Saved: 'C:\Users\User\Desktop\game\Blender\preview\boss_forest_guardian_roar.png'
00:16.562  render           | Saved: 'C:\Users\User\Desktop\game\Blender\preview\boss_forest_guardian_attack_wind.png'
00:16.781  render           | Saved: 'C:\Users\User\Desktop\game\Blender\preview\boss_forest_guardian_attack_hit.png'
00:16.984  render           | Saved: 'C:\Users\User\Desktop\game\Blender\preview\boss_forest_guardian_cast.png'
00:17.203  render           | Saved: 'C:\Users\User\Desktop\game\Blender\preview\boss_forest_guardian_die.png'
00:17.218  blend            | Read blend: "C:\Users\User\Desktop\game\Blender\blend\boss_forest_guardian.blend"
TRIS 26352
[forest_guardian] action Idle: frames (0.0, 60.0)
[forest_guardian] action Run: frames (0.0, 24.0)
[forest_guardian] action Attack: frames (0.0, 30.0)
[forest_guardian] action Cast: frames (0.0, 36.0)
[forest_guardian] action Hit: frames (0.0, 12.0)
[forest_guardian] action Die: frames (0.0, 36.0)
[forest_guardian] action Victory: frames (0.0, 44.0)
[forest_guardian] action Roar: frames (0.0, 60.0)
[forest_guardian] tris: 26352  bones: 39  mats: ['M_Toon', 'M_Emit']

FBX export starting... 'C:\\Users\\User\\Desktop\\game\\Assets\\_Game\\Resources\\Art\\Enemies/forest_guardian/forest_guardian.fbx'
(bpy.data.armatures['Rig'], 'POSE')
export finished in 1.6574 sec.
[forest_guardian] exported C:\Users\User\Desktop\game\Assets\_Game\Resources\Art\Enemies/forest_guardian/forest_guardian.fbx (3160780 bytes)
Info: Saved as "boss_forest_guardian.blend"
FBX version: 7400
ENEMY_PRODUCTION {"id": "forest_guardian", "is_boss": true, "generator": "C:\\Users\\User\\Desktop\\game\\Blender\\bosses\\forest_guardian.py", "blender_version": "5.2.1 LTS", "produced_at_utc": "2026-10-06T04:20:42Z", "files": {"fbx": {"path": "C:\\Users\\User\\Desktop\\game\\Assets\\_Game\\Resources\\Art\\Enemies\\forest_guardian\\forest_guardian.fbx", "bytes": 3160780}, "blend": {"path": "C:\\Users\\User\\Desktop\\game\\Blender\\blend\\boss_forest_guardian.blend", "bytes": 921362}, "previews": [{"path": "C:\\Users\\User\\Desktop\\game\\Blender\\preview\\boss_forest_guardian_front.png", "bytes": 478768}, {"path": "C:\\Users\\User\\Desktop\\game\\Blender\\preview\\boss_forest_guardian_side.png", "bytes": 394186}, {"path": "C:\\Users\\User\\Desktop\\game\\Blender\\preview\\boss_forest_guardian_back.png", "bytes": 428807}, {"path": "C:\\Users\\User\\Desktop\\game\\Blender\\preview\\boss_forest_guardian_attack_wind.png", "bytes": 434624}, {"path": "C:\\Users\\User\\Desktop\\game\\Blender\\preview\\boss_forest_guardian_attack_hit.png", "bytes": 439819}, {"path": "C:\\Users\\User\\Desktop\\game\\Blender\\preview\\boss_forest_guardian_cast.png", "bytes": 436105}, {"path": "C:\\Users\\User\\Desktop\\game\\Blender\\preview\\boss_forest_guardian_die.png", "bytes": 389682}, {"path": "C:\\Users\\User\\Desktop\\game\\Blender\\preview\\boss_forest_guardian_roar.png", "bytes": 442511}]}, "saved_blend": {"objects": ["Body", "Rig"], "triangles": 26352, "vertices": 13896, "bones": 39, "materials": ["M_Toon", "M_Emit"], "clips": {"Idle": [0.0, 60.0], "Run": [0.0, 24.0], "Attack": [0.0, 30.0], "Cast": [0.0, 36.0], "Hit": [0.0, 12.0], "Die": [0.0, 36.0], "Victory": [0.0, 44.0], "Roar": [0.0, 60.0]}, "unweighted_vertices": 0}, "reimported_fbx": {"objects": ["Body", "Rig"], "triangles": 26352, "vertices": 13896, "bones": 39, "materials": ["M_Toon", "M_Emit"], "clips": {"Idle": [1.0, 61.0], "Run": [1.0, 25.0], "Attack": [1.0, 31.0], "Cast": [1.0, 37.0], "Hit": [1.0, 13.0], "Die": [1.0, 37.0], "Victory": [1.0, 45.0], "Roar": [1.0, 61.0]}, "unweighted_vertices": 0}}
Blender 5.2.1 LTS (hash 9e2066aef7ef built 2026-08-25 02:38:20)

Blender quit
