00:00.062  color_management | Using OCIO=C:\Users\User\Tools\Blender\5.2\datafiles\colormanagement\config.ocio
00:05.953  render           | Saved: 'C:\Users\User\Desktop\game\Blender\preview\enemy_coral_crab.png'
00:06.109  render           | Saved: 'C:\Users\User\Desktop\game\Blender\preview\enemy_coral_crab_side.png'
00:06.250  render           | Saved: 'C:\Users\User\Desktop\game\Blender\preview\enemy_coral_crab_attack.png'
00:06.375  render           | Saved: 'C:\Users\User\Desktop\game\Blender\preview\enemy_coral_crab_cast.png'
00:06.500  render           | Saved: 'C:\Users\User\Desktop\game\Blender\preview\enemy_coral_crab_die.png'
00:06.625  render           | Saved: 'C:\Users\User\Desktop\game\Blender\preview\enemy_coral_crab_victory.png'
00:06.640  blend            | Read blend: "C:\Users\User\Desktop\game\Blender\blend\enemy_coral_crab.blend"
[enemies_a] action Idle: frames (0.0, 48.0)
[enemies_a] action Run: frames (0.0, 20.0)
[enemies_a] action Attack: frames (0.0, 25.0)
[enemies_a] action Cast: frames (0.0, 36.0)
[enemies_a] action Hit: frames (0.0, 12.0)
[enemies_a] action Die: frames (0.0, 32.0)
[enemies_a] action Victory: frames (0.0, 44.0)
[enemies_a] coral_crab: tris=9976 mats=['M_Toon', 'M_Emit'] bones=17

FBX export starting... 'C:\\Users\\User\\Desktop\\game\\Assets\\_Game\\Resources\\Art\\Enemies/coral_crab/coral_crab.fbx'
(bpy.data.armatures['Rig'], 'POSE')
export finished in 0.6142 sec.
[enemies_a] exported C:\Users\User\Desktop\game\Assets\_Game\Resources\Art\Enemies/coral_crab/coral_crab.fbx
Info: Saved as "enemy_coral_crab.blend"
FBX version: 7400
ENEMY_PRODUCTION {"id": "coral_crab", "is_boss": false, "generator": "C:\\Users\\User\\Desktop\\game\\Blender\\enemies_a\\coral_crab.py", "blender_version": "5.2.1 LTS", "produced_at_utc": "2026-10-06T04:19:04Z", "files": {"fbx": {"path": "C:\\Users\\User\\Desktop\\game\\Assets\\_Game\\Resources\\Art\\Enemies\\coral_crab\\coral_crab.fbx", "bytes": 1205836}, "blend": {"path": "C:\\Users\\User\\Desktop\\game\\Blender\\blend\\enemy_coral_crab.blend", "bytes": 295537}, "previews": [{"path": "C:\\Users\\User\\Desktop\\game\\Blender\\preview\\enemy_coral_crab.png", "bytes": 305711}, {"path": "C:\\Users\\User\\Desktop\\game\\Blender\\preview\\enemy_coral_crab_side.png", "bytes": 293606}, {"path": "C:\\Users\\User\\Desktop\\game\\Blender\\preview\\enemy_coral_crab_attack.png", "bytes": 305467}, {"path": "C:\\Users\\User\\Desktop\\game\\Blender\\preview\\enemy_coral_crab_cast.png", "bytes": 315180}, {"path": "C:\\Users\\User\\Desktop\\game\\Blender\\preview\\enemy_coral_crab_die.png", "bytes": 297476}]}, "saved_blend": {"objects": ["Body", "Rig"], "triangles": 9976, "vertices": 5920, "bones": 17, "materials": ["M_Toon", "M_Emit"], "clips": {"Idle": [0.0, 48.0], "Run": [0.0, 20.0], "Attack": [0.0, 25.0], "Cast": [0.0, 36.0], "Hit": [0.0, 12.0], "Die": [0.0, 32.0], "Victory": [0.0, 44.0]}, "unweighted_vertices": 0}, "reimported_fbx": {"objects": ["Body", "Rig"], "triangles": 9976, "vertices": 5920, "bones": 17, "materials": ["M_Toon", "M_Emit"], "clips": {"Idle": [1.0, 49.0], "Run": [1.0, 21.0], "Attack": [1.0, 26.0], "Cast": [1.0, 37.0], "Hit": [1.0, 13.0], "Die": [1.0, 33.0], "Victory": [1.0, 45.0]}, "unweighted_vertices": 0}}
Blender 5.2.1 LTS (hash 9e2066aef7ef built 2026-08-25 02:38:20)

Blender quit
