00:00.047  color_management | Using OCIO=C:\Users\User\Tools\Blender\5.2\datafiles\colormanagement\config.ocio
00:08.641  render           | Saved: 'C:\Users\User\Desktop\game\Blender\preview\boss_flame_sphinx_front.png'
00:08.891  render           | Saved: 'C:\Users\User\Desktop\game\Blender\preview\boss_flame_sphinx_side.png'
00:09.110  render           | Saved: 'C:\Users\User\Desktop\game\Blender\preview\boss_flame_sphinx_back.png'
00:09.313  render           | Saved: 'C:\Users\User\Desktop\game\Blender\preview\boss_flame_sphinx_attack.png'
00:09.516  render           | Saved: 'C:\Users\User\Desktop\game\Blender\preview\boss_flame_sphinx_cast.png'
00:09.750  render           | Saved: 'C:\Users\User\Desktop\game\Blender\preview\boss_flame_sphinx_die.png'
00:09.781  blend            | Read blend: "C:\Users\User\Desktop\game\Blender\blend\boss_flame_sphinx.blend"
[flame_sphinx] action Idle: frames (0.0, 60.0)
[flame_sphinx] action Run: frames (0.0, 24.0)
[flame_sphinx] action Attack: frames (0.0, 30.0)
[flame_sphinx] action Cast: frames (0.0, 35.0)
[flame_sphinx] action Hit: frames (0.0, 12.0)
[flame_sphinx] action Die: frames (0.0, 36.0)
[flame_sphinx] action Victory: frames (0.0, 44.0)
[flame_sphinx] action Roar: frames (0.0, 48.0)
[flame_sphinx] tris: 28504  bones: 30  mats: ['M_Toon', 'M_Emit']

FBX export starting... 'C:\\Users\\User\\Desktop\\game\\Assets\\_Game\\Resources\\Art\\Enemies/flame_sphinx/flame_sphinx.fbx'
(bpy.data.armatures['Rig'], 'POSE')
export finished in 1.2809 sec.
[flame_sphinx] exported C:\Users\User\Desktop\game\Assets\_Game\Resources\Art\Enemies/flame_sphinx/flame_sphinx.fbx (2606684 bytes)
Info: Saved as "boss_flame_sphinx.blend"
FBX version: 7400
ENEMY_PRODUCTION {"id": "flame_sphinx", "is_boss": true, "generator": "C:\\Users\\User\\Desktop\\game\\Blender\\bosses\\flame_sphinx.py", "blender_version": "5.2.1 LTS", "produced_at_utc": "2026-10-06T04:20:23Z", "files": {"fbx": {"path": "C:\\Users\\User\\Desktop\\game\\Assets\\_Game\\Resources\\Art\\Enemies\\flame_sphinx\\flame_sphinx.fbx", "bytes": 2606684}, "blend": {"path": "C:\\Users\\User\\Desktop\\game\\Blender\\blend\\boss_flame_sphinx.blend", "bytes": 844651}, "previews": [{"path": "C:\\Users\\User\\Desktop\\game\\Blender\\preview\\boss_flame_sphinx_front.png", "bytes": 392756}, {"path": "C:\\Users\\User\\Desktop\\game\\Blender\\preview\\boss_flame_sphinx_side.png", "bytes": 358969}, {"path": "C:\\Users\\User\\Desktop\\game\\Blender\\preview\\boss_flame_sphinx_back.png", "bytes": 390950}, {"path": "C:\\Users\\User\\Desktop\\game\\Blender\\preview\\boss_flame_sphinx_attack.png", "bytes": 393884}, {"path": "C:\\Users\\User\\Desktop\\game\\Blender\\preview\\boss_flame_sphinx_cast.png", "bytes": 394315}, {"path": "C:\\Users\\User\\Desktop\\game\\Blender\\preview\\boss_flame_sphinx_die.png", "bytes": 361648}]}, "saved_blend": {"objects": ["Body", "Rig"], "triangles": 28504, "vertices": 14640, "bones": 30, "materials": ["M_Toon", "M_Emit"], "clips": {"Idle": [0.0, 60.0], "Run": [0.0, 24.0], "Attack": [0.0, 30.0], "Cast": [0.0, 35.0], "Hit": [0.0, 12.0], "Die": [0.0, 36.0], "Victory": [0.0, 44.0], "Roar": [0.0, 48.0]}, "unweighted_vertices": 0}, "reimported_fbx": {"objects": ["Body", "Rig"], "triangles": 28504, "vertices": 14640, "bones": 30, "materials": ["M_Toon", "M_Emit"], "clips": {"Idle": [1.0, 61.0], "Run": [1.0, 25.0], "Attack": [1.0, 31.0], "Cast": [1.0, 36.0], "Hit": [1.0, 13.0], "Die": [1.0, 37.0], "Victory": [1.0, 45.0], "Roar": [1.0, 49.0]}, "unweighted_vertices": 0}}
Blender 5.2.1 LTS (hash 9e2066aef7ef built 2026-08-25 02:38:20)

Blender quit
