00:00.062  color_management | Using OCIO=C:\Users\User\Tools\Blender\5.2\datafiles\colormanagement\config.ocio
00:09.609  render           | Saved: 'C:\Users\User\Desktop\game\Blender\preview\boss_frost_kraken_front.png'
00:09.812  render           | Saved: 'C:\Users\User\Desktop\game\Blender\preview\boss_frost_kraken_side.png'
00:10.015  render           | Saved: 'C:\Users\User\Desktop\game\Blender\preview\boss_frost_kraken_back.png'
00:10.218  render           | Saved: 'C:\Users\User\Desktop\game\Blender\preview\boss_frost_kraken_attack.png'
00:10.422  render           | Saved: 'C:\Users\User\Desktop\game\Blender\preview\boss_frost_kraken_cast.png'
00:10.593  render           | Saved: 'C:\Users\User\Desktop\game\Blender\preview\boss_frost_kraken_die.png'
00:10.609  blend            | Read blend: "C:\Users\User\Desktop\game\Blender\blend\boss_frost_kraken.blend"
[frost_kraken] action Idle: frames (0.0, 60.0)
[frost_kraken] action Run: frames (0.0, 24.0)
[frost_kraken] action Attack: frames (0.0, 30.0)
[frost_kraken] action Cast: frames (0.0, 35.0)
[frost_kraken] action Hit: frames (0.0, 12.0)
[frost_kraken] action Die: frames (0.0, 36.0)
[frost_kraken] action Victory: frames (0.0, 44.0)
[frost_kraken] action Roar: frames (0.0, 48.0)
[frost_kraken] tris: 23724  bones: 52  mats: ['M_Toon', 'M_Emit', 'M_Clear']

FBX export starting... 'C:\\Users\\User\\Desktop\\game\\Assets\\_Game\\Resources\\Art\\Enemies/frost_kraken/frost_kraken.fbx'
(bpy.data.armatures['Rig'], 'POSE')
export finished in 1.7392 sec.
[frost_kraken] exported C:\Users\User\Desktop\game\Assets\_Game\Resources\Art\Enemies/frost_kraken/frost_kraken.fbx (3973132 bytes)
Info: Saved as "boss_frost_kraken.blend"
FBX version: 7400
ENEMY_PRODUCTION {"id": "frost_kraken", "is_boss": true, "generator": "C:\\Users\\User\\Desktop\\game\\Blender\\bosses\\frost_kraken.py", "blender_version": "5.2.1 LTS", "produced_at_utc": "2026-10-06T04:20:55Z", "files": {"fbx": {"path": "C:\\Users\\User\\Desktop\\game\\Assets\\_Game\\Resources\\Art\\Enemies\\frost_kraken\\frost_kraken.fbx", "bytes": 3973132}, "blend": {"path": "C:\\Users\\User\\Desktop\\game\\Blender\\blend\\boss_frost_kraken.blend", "bytes": 1389797}, "previews": [{"path": "C:\\Users\\User\\Desktop\\game\\Blender\\preview\\boss_frost_kraken_front.png", "bytes": 390662}, {"path": "C:\\Users\\User\\Desktop\\game\\Blender\\preview\\boss_frost_kraken_side.png", "bytes": 362006}, {"path": "C:\\Users\\User\\Desktop\\game\\Blender\\preview\\boss_frost_kraken_back.png", "bytes": 379434}, {"path": "C:\\Users\\User\\Desktop\\game\\Blender\\preview\\boss_frost_kraken_attack.png", "bytes": 401651}, {"path": "C:\\Users\\User\\Desktop\\game\\Blender\\preview\\boss_frost_kraken_cast.png", "bytes": 406285}, {"path": "C:\\Users\\User\\Desktop\\game\\Blender\\preview\\boss_frost_kraken_die.png", "bytes": 397395}]}, "saved_blend": {"objects": ["Body", "Rig"], "triangles": 23724, "vertices": 12208, "bones": 52, "materials": ["M_Toon", "M_Emit", "M_Clear"], "clips": {"Idle": [0.0, 60.0], "Run": [0.0, 24.0], "Attack": [0.0, 30.0], "Cast": [0.0, 35.0], "Hit": [0.0, 12.0], "Die": [0.0, 36.0], "Victory": [0.0, 44.0], "Roar": [0.0, 48.0]}, "unweighted_vertices": 0}, "reimported_fbx": {"objects": ["Body", "Rig"], "triangles": 23724, "vertices": 12208, "bones": 52, "materials": ["M_Toon", "M_Emit", "M_Clear"], "clips": {"Idle": [1.0, 61.0], "Run": [1.0, 25.0], "Attack": [1.0, 31.0], "Cast": [1.0, 36.0], "Hit": [1.0, 13.0], "Die": [1.0, 37.0], "Victory": [1.0, 45.0], "Roar": [1.0, 49.0]}, "unweighted_vertices": 0}}
Blender 5.2.1 LTS (hash 9e2066aef7ef built 2026-08-25 02:38:20)

Blender quit
